Vercel CLI 59.11.2 (Node.js 24.18.0)
Fetching deployment "www.chinafreeweight.com" in powerbasefit
> Fetched deployment "chinafreeweight-lmdjagtw6-powerbasefit.vercel.app" in powerbasefit [1s]

  General

    id		dpl_2SyQkvUJS96eHuZC1m5dChCnn3Mu
    name	chinafreeweight
    target	production
    status	● Ready
    url		https://chinafreeweight-lmdjagtw6-powerbasefit.vercel.app
    created	Thu Sep 03 2026 12:17:57 GMT+0800 (中国标准时间) [3m ago]


  Aliases

    ╶ https://www.chinafreeweight.com
    ╶ https://chinafreeweight.vercel.app
    ╶ https://chinafreeweight-powerbasefit.vercel.app
    

  Builds

    ┌ .        [0ms]
    ├── λ index (87.82MB) [iad1]
    ├── λ _not-found (87.82MB) [iad1]
    ├── λ _not-found.rsc (87.82MB) [iad1]
    ├── λ ar/blog/damabil-fawlad-masmat-oem-jumla (87.82MB) [iad1]
    ├── λ ar/blog/damabil-fawlad-masmat-oem-jumla.rsc (87.82MB) [iad1]
    └── 2414 output items hidden
    

