Vercel CLI 59.11.2 (Node.js 24.18.0)
Fetching deployment "www.chinafreeweight.com" in powerbasefit
> Fetched deployment "chinafreeweight-buozb2l4w-powerbasefit.vercel.app" in powerbasefit [452ms]

  General

    id		dpl_DsLaQZEyxtSFhc41XiyhFZ2vUHGA
    name	chinafreeweight
    target	production
    status	● Ready
    url		https://chinafreeweight-buozb2l4w-powerbasefit.vercel.app
    created	Wed Sep 02 2026 12:18:02 GMT+0800 (中国标准时间) [24h ago]


  Aliases

    ╶ https://www.chinafreeweight.com
    ╶ https://chinafreeweight.vercel.app
    ╶ https://chinafreeweight-powerbasefit.vercel.app
    

  Builds

    ┌ .        [0ms]
    ├── λ index (86.29MB) [iad1]
    ├── λ _not-found (86.29MB) [iad1]
    ├── λ _not-found.rsc (86.29MB) [iad1]
    ├── λ ar/blog/damabil-fawlad-masmat-oem-jumla (86.29MB) [iad1]
    ├── λ ar/blog/damabil-fawlad-masmat-oem-jumla.rsc (86.29MB) [iad1]
    └── 2388 output items hidden
    

