Vercel CLI 59.11.1 (Node.js 24.18.0)
Fetching deployment "www.chinafreeweight.com" in powerbasefit
> Fetched deployment "chinafreeweight-1acje631n-powerbasefit.vercel.app" in powerbasefit [680ms]

  General

    id		dpl_Hwhv3p8XYvcp1oGRKQB3PPJTVpLc
    name	chinafreeweight
    target	production
    status	● Ready
    url		https://chinafreeweight-1acje631n-powerbasefit.vercel.app
    created	Wed Sep 02 2026 06:49:12 GMT+0800 (中国标准时间) [5h ago]


  Aliases

    ╶ https://www.chinafreeweight.com
    ╶ https://chinafreeweight.vercel.app
    ╶ https://chinafreeweight-powerbasefit.vercel.app
    

  Builds

    ┌ .        [0ms]
    ├── λ index (85.76MB) [iad1]
    ├── λ _not-found (85.76MB) [iad1]
    ├── λ _not-found.rsc (85.76MB) [iad1]
    ├── λ ar/blog/damabil-fawlad-masmat-oem-jumla (85.76MB) [iad1]
    ├── λ ar/blog/damabil-fawlad-masmat-oem-jumla.rsc (85.76MB) [iad1]
    └── 2362 output items hidden
    

